// Jest Snapshot v1, https://goo.gl/fbAQLP

exports[`ClipPath should change if does not has support 1`] = `""`;
